// Jest Snapshot v1, https://jestjs.io/docs/snapshot-testing

exports[`fixture build snapshots build output matches snapshot 1`] = `
{
  "files": [
    "bootstrap_project.sh",
    "main.sh",
    "tools/security.sh",
  ],
  "outputByFile": {
    "bootstrap_project.sh": "#!/usr/bin/env bash

set -euo pipefail
jaiph_stdlib_path="\${JAIPH_STDLIB:-$HOME/.local/bin/jaiph_stdlib.sh}"
if [[ ! -f "$jaiph_stdlib_path" ]]; then
  echo "jai: stdlib not found at $jaiph_stdlib_path (set JAIPH_STDLIB or reinstall jaiph)" >&2
  exit 1
fi
source "$jaiph_stdlib_path"
if [[ "$(jaiph__runtime_api)" != "1" ]]; then
  echo "jai: incompatible jaiph stdlib runtime (required api=1)" >&2
  exit 1
fi

bootstrap_project::workflow::nodejs::impl() {
  set -eo pipefail
  set +u
  echo "Sorry, I cannot setup nodejs yet"
  exit 1
}

bootstrap_project::workflow::nodejs() {
  jaiph::run_step bootstrap_project::workflow::nodejs bootstrap_project::workflow::nodejs::impl "$@"
}",
    "main.sh": "#!/usr/bin/env bash

set -euo pipefail
jaiph_stdlib_path="\${JAIPH_STDLIB:-$HOME/.local/bin/jaiph_stdlib.sh}"
if [[ ! -f "$jaiph_stdlib_path" ]]; then
  echo "jai: stdlib not found at $jaiph_stdlib_path (set JAIPH_STDLIB or reinstall jaiph)" >&2
  exit 1
fi
source "$jaiph_stdlib_path"
if [[ "$(jaiph__runtime_api)" != "1" ]]; then
  echo "jai: incompatible jaiph stdlib runtime (required api=1)" >&2
  exit 1
fi
source "$(dirname "\${BASH_SOURCE[0]}")/bootstrap_project.sh"
source "$(dirname "\${BASH_SOURCE[0]}")/tools/security.sh"

# Validates local build prerequisites.
main::rule::project_ready::impl() {
  set -eo pipefail
  set +u
  test -f "package.json"
  test -n "$NODE_ENV"
}

main::rule::project_ready() {
  jaiph::run_step main::rule::project_ready jaiph::execute_readonly main::rule::project_ready::impl "$@"
}

# Verifies the project compiles successfully.
main::rule::build_passes::impl() {
  set -eo pipefail
  set +u
  npm run build
}

main::rule::build_passes() {
  jaiph::run_step main::rule::build_passes jaiph::execute_readonly main::rule::build_passes::impl "$@"
}

# Orchestrates checks, prompt execution, and docs refresh.
# Arguments:
#   $1: Feature requirements passed to the prompt.
main::workflow::default::impl() {
  set -eo pipefail
  set +u
  if ! main::rule::project_ready; then
    bootstrap_project::workflow::nodejs
  fi
  export JAIPH_PROMPT_PREVIEW='
    Build the applicati'
  jaiph::prompt "$JAIPH_PROMPT_PREVIEW" "$@" <<__JAIPH_PROMPT_25__

    Build the application using best practices.
    Follow requirements: $1
  
__JAIPH_PROMPT_25__
  main::rule::build_passes
  tools::security::rule::scan_passes
  main::workflow::update_docs
}

main::workflow::default() {
  jaiph::run_step main::workflow::default main::workflow::default::impl "$@"
}

# Refreshes documentation after a successful build.
main::workflow::update_docs::impl() {
  set -eo pipefail
  set +u
  export JAIPH_PROMPT_PREVIEW='Update docs'
  jaiph::prompt "$JAIPH_PROMPT_PREVIEW" "$@" <<__JAIPH_PROMPT_38__
Update docs
__JAIPH_PROMPT_38__
}

main::workflow::update_docs() {
  jaiph::run_step main::workflow::update_docs main::workflow::update_docs::impl "$@"
}",
    "tools/security.sh": "#!/usr/bin/env bash

set -euo pipefail
jaiph_stdlib_path="\${JAIPH_STDLIB:-$HOME/.local/bin/jaiph_stdlib.sh}"
if [[ ! -f "$jaiph_stdlib_path" ]]; then
  echo "jai: stdlib not found at $jaiph_stdlib_path (set JAIPH_STDLIB or reinstall jaiph)" >&2
  exit 1
fi
source "$jaiph_stdlib_path"
if [[ "$(jaiph__runtime_api)" != "1" ]]; then
  echo "jai: incompatible jaiph stdlib runtime (required api=1)" >&2
  exit 1
fi

tools::security::rule::scan_passes::impl() {
  set -eo pipefail
  set +u
  echo "Security scan placeholder here"
}

tools::security::rule::scan_passes() {
  jaiph::run_step tools::security::rule::scan_passes jaiph::execute_readonly tools::security::rule::scan_passes::impl "$@"
}",
  },
}
`;
